// Jest Snapshot v1, https://goo.gl/fbAQLP

exports[`GitVersion matches snapshot 1`] = `<div> Version <code>1234567</code>, created <b><time datetime="2021-06-01T12:00:00+02:00" timeago-id="4"></time></b></div>`;
