// Jest Snapshot v1, https://goo.gl/fbAQLP

exports[`About matches snapshot 1`] = `
<h1 class="
      text-4xl
      font-extrabold
      tracking-tight
      sm:text-5xl
      lg:text-6xl
      text-red-800
    ">About</h1>
<div class="mt-6 mb-20 text-xl max-w-4xl">
  <p> Templatus is an opinionated template for web applications with <b>Ruby on Rails</b> and <b>Vue.js</b></p>
</div>
<div class="space-y-24">
  <div>
    <div class="lg:grid lg:grid-cols-3 lg:gap-x-8">
      <div>
        <h2 class="text-base font-semibold text-red-800 uppercase tracking-wide">Server side</h2>
        <p class="mt-2 text-3xl font-extrabold text-gray-900">The backend</p>
      </div>
      <div class="mt-12 lg:mt-0 lg:col-span-2">
        <dl class="
              space-y-10
              sm:space-y-0 sm:grid sm:grid-cols-2 sm:gap-x-6 sm:gap-y-10
              lg:gap-x-8
            ">
          <div class="relative">
            <dt><svg xmlns="http://www.w3.org/2000/svg" fill="none" viewBox="0 0 24 24" stroke="currentColor" class="absolute h-6 w-6 text-green-500">
                <path stroke-linecap="round" stroke-linejoin="round" stroke-width="2" d="M5 13l4 4L19 7"></path>
              </svg>
              <p class="ml-9 text-lg leading-6 font-medium text-red-800"><a href="https://www.ruby-lang.org/" class="hover:underline" target="_blank" rel="noopener noreferrer">Ruby undefined</a></p>
            </dt>
            <dd class="mt-2 ml-9 text-base text-gray-600">A dynamic, open source programming language with a focus on simplicity and productivity. It has an elegant syntax that is natural to read and easy to write.</dd>
          </div>
          <div class="relative">
            <dt><svg xmlns="http://www.w3.org/2000/svg" fill="none" viewBox="0 0 24 24" stroke="currentColor" class="absolute h-6 w-6 text-green-500">
                <path stroke-linecap="round" stroke-linejoin="round" stroke-width="2" d="M5 13l4 4L19 7"></path>
              </svg>
              <p class="ml-9 text-lg leading-6 font-medium text-red-800"><a href="https://rubyonrails.org/" class="hover:underline" target="_blank" rel="noopener noreferrer">Ruby on Rails undefined</a></p>
            </dt>
            <dd class="mt-2 ml-9 text-base text-gray-600">Rails is a web application development framework written in the Ruby programming language. It is designed to make programming web applications easier by making assumptions about what every developer needs to get started.</dd>
          </div>
          <div class="relative">
            <dt><svg xmlns="http://www.w3.org/2000/svg" fill="none" viewBox="0 0 24 24" stroke="currentColor" class="absolute h-6 w-6 text-green-500">
                <path stroke-linecap="round" stroke-linejoin="round" stroke-width="2" d="M5 13l4 4L19 7"></path>
              </svg>
              <p class="ml-9 text-lg leading-6 font-medium text-red-800"><a href="https://www.postgresql.org/" class="hover:underline" target="_blank" rel="noopener noreferrer">PostgreSQL undefined</a></p>
            </dt>
            <dd class="mt-2 ml-9 text-base text-gray-600">PostgreSQL is a powerful, open source object-relational database system with over 30 years of active development that has earned it a strong reputation for reliability, feature robustness, and performance.</dd>
          </div>
          <div class="relative">
            <dt><svg xmlns="http://www.w3.org/2000/svg" fill="none" viewBox="0 0 24 24" stroke="currentColor" class="absolute h-6 w-6 text-green-500">
                <path stroke-linecap="round" stroke-linejoin="round" stroke-width="2" d="M5 13l4 4L19 7"></path>
              </svg>
              <p class="ml-9 text-lg leading-6 font-medium text-red-800"><a href="https://puma.io/" class="hover:underline" target="_blank" rel="noopener noreferrer">Puma undefined</a></p>
            </dt>
            <dd class="mt-2 ml-9 text-base text-gray-600">Puma is a simple, fast, multi-threaded, and highly concurrent HTTP 1.1 server for Ruby/Rack applications.</dd>
          </div>
          <div class="relative">
            <dt><svg xmlns="http://www.w3.org/2000/svg" fill="none" viewBox="0 0 24 24" stroke="currentColor" class="absolute h-6 w-6 text-green-500">
                <path stroke-linecap="round" stroke-linejoin="round" stroke-width="2" d="M5 13l4 4L19 7"></path>
              </svg>
              <p class="ml-9 text-lg leading-6 font-medium text-red-800"><a href="https://redis.io/" class="hover:underline" target="_blank" rel="noopener noreferrer">Redis undefined</a></p>
            </dt>
            <dd class="mt-2 ml-9 text-base text-gray-600">Redis is an open source, in-memory data structure store, used as a database, cache, and message broker.</dd>
          </div>
          <div class="relative">
            <dt><svg xmlns="http://www.w3.org/2000/svg" fill="none" viewBox="0 0 24 24" stroke="currentColor" class="absolute h-6 w-6 text-green-500">
                <path stroke-linecap="round" stroke-linejoin="round" stroke-width="2" d="M5 13l4 4L19 7"></path>
              </svg>
              <p class="ml-9 text-lg leading-6 font-medium text-red-800"><a href="https://sidekiq.org/" class="hover:underline" target="_blank" rel="noopener noreferrer">Sidekiq undefined</a></p>
            </dt>
            <dd class="mt-2 ml-9 text-base text-gray-600">Simple, efficient background processing for Ruby<p class="mt-2 text-xs">→ <a class="font-medium uppercase hover:underline" href="/sidekiq">Admin frontend</a></p>
            </dd>
          </div>
        </dl>
      </div>
    </div>
  </div>
  <div>
    <div class="lg:grid lg:grid-cols-3 lg:gap-x-8">
      <div>
        <h2 class="text-base font-semibold text-red-800 uppercase tracking-wide">Client side</h2>
        <p class="mt-2 text-3xl font-extrabold text-gray-900">The frontend</p>
      </div>
      <div class="mt-12 lg:mt-0 lg:col-span-2">
        <dl class="
              space-y-10
              sm:space-y-0 sm:grid sm:grid-cols-2 sm:gap-x-6 sm:gap-y-10
              lg:gap-x-8
            ">
          <div class="relative">
            <dt><svg xmlns="http://www.w3.org/2000/svg" fill="none" viewBox="0 0 24 24" stroke="currentColor" class="absolute h-6 w-6 text-green-500">
                <path stroke-linecap="round" stroke-linejoin="round" stroke-width="2" d="M5 13l4 4L19 7"></path>
              </svg>
              <p class="ml-9 text-lg leading-6 font-medium text-red-800"><a href="https://v3.vuejs.org/" class="hover:underline" target="_blank" rel="noopener noreferrer">Vue 3.1.5</a></p>
            </dt>
            <dd class="mt-2 ml-9 text-base text-gray-600">Vue is a progressive framework for building user interfaces.</dd>
          </div>
          <div class="relative">
            <dt><svg xmlns="http://www.w3.org/2000/svg" fill="none" viewBox="0 0 24 24" stroke="currentColor" class="absolute h-6 w-6 text-green-500">
                <path stroke-linecap="round" stroke-linejoin="round" stroke-width="2" d="M5 13l4 4L19 7"></path>
              </svg>
              <p class="ml-9 text-lg leading-6 font-medium text-red-800"><a href="https://tailwindcss.com/" class="hover:underline" target="_blank" rel="noopener noreferrer">TailwindCSS 2</a></p>
            </dt>
            <dd class="mt-2 ml-9 text-base text-gray-600">A utility-first CSS framework packed with classes that can be composed to build any design, directly in your markup.</dd>
          </div>
          <div class="relative">
            <dt><svg xmlns="http://www.w3.org/2000/svg" fill="none" viewBox="0 0 24 24" stroke="currentColor" class="absolute h-6 w-6 text-green-500">
                <path stroke-linecap="round" stroke-linejoin="round" stroke-width="2" d="M5 13l4 4L19 7"></path>
              </svg>
              <p class="ml-9 text-lg leading-6 font-medium text-red-800"><a href="https://www.typescriptlang.org/" class="hover:underline" target="_blank" rel="noopener noreferrer">TypeScript</a></p>
            </dt>
            <dd class="mt-2 ml-9 text-base text-gray-600">TypeScript is an open-source language which builds on JavaScript, one of the world’s most used tools, by adding static type definitions.</dd>
          </div>
          <div class="relative">
            <dt><svg xmlns="http://www.w3.org/2000/svg" fill="none" viewBox="0 0 24 24" stroke="currentColor" class="absolute h-6 w-6 text-green-500">
                <path stroke-linecap="round" stroke-linejoin="round" stroke-width="2" d="M5 13l4 4L19 7"></path>
              </svg>
              <p class="ml-9 text-lg leading-6 font-medium text-red-800"><a href="https://vuex.vuejs.org/" class="hover:underline" target="_blank" rel="noopener noreferrer">Vuex</a></p>
            </dt>
            <dd class="mt-2 ml-9 text-base text-gray-600">Vuex is a state management pattern + library for Vue.js applications. It serves as a centralized store for all the components in an application, with rules ensuring that the state can only be mutated in a predictable fashion.</dd>
          </div>
          <div class="relative">
            <dt><svg xmlns="http://www.w3.org/2000/svg" fill="none" viewBox="0 0 24 24" stroke="currentColor" class="absolute h-6 w-6 text-green-500">
                <path stroke-linecap="round" stroke-linejoin="round" stroke-width="2" d="M5 13l4 4L19 7"></path>
              </svg>
              <p class="ml-9 text-lg leading-6 font-medium text-red-800"><a href="https://headlessui.dev/" class="hover:underline" target="_blank" rel="noopener noreferrer">HeadlessUI</a></p>
            </dt>
            <dd class="mt-2 ml-9 text-base text-gray-600">Completely unstyled, fully accessible UI components, designed to integrate beautifully with Tailwind CSS.</dd>
          </div>
          <div class="relative">
            <dt><svg xmlns="http://www.w3.org/2000/svg" fill="none" viewBox="0 0 24 24" stroke="currentColor" class="absolute h-6 w-6 text-green-500">
                <path stroke-linecap="round" stroke-linejoin="round" stroke-width="2" d="M5 13l4 4L19 7"></path>
              </svg>
              <p class="ml-9 text-lg leading-6 font-medium text-red-800"><a href="https://heroicons.com/" class="hover:underline" target="_blank" rel="noopener noreferrer">HeroIcons</a></p>
            </dt>
            <dd class="mt-2 ml-9 text-base text-gray-600">Beautiful hand-crafted SVG icons, by the makers of Tailwind CSS.</dd>
          </div>
          <div class="relative">
            <dt><svg xmlns="http://www.w3.org/2000/svg" fill="none" viewBox="0 0 24 24" stroke="currentColor" class="absolute h-6 w-6 text-green-500">
                <path stroke-linecap="round" stroke-linejoin="round" stroke-width="2" d="M5 13l4 4L19 7"></path>
              </svg>
              <p class="ml-9 text-lg leading-6 font-medium text-red-800"><a href="https://github.com/rails/webpacker" class="hover:underline" target="_blank" rel="noopener noreferrer">Webpacker undefined</a></p>
            </dt>
            <dd class="mt-2 ml-9 text-base text-gray-600">Webpacker makes it easy to use the JavaScript pre-processor and bundler Webpack v5 to manage application-like JavaScript in Rails.</dd>
          </div>
        </dl>
      </div>
    </div>
  </div>
  <div>
    <div class="lg:grid lg:grid-cols-3 lg:gap-x-8">
      <div>
        <h2 class="text-base font-semibold text-red-800 uppercase tracking-wide">Quality insurance</h2>
        <p class="mt-2 text-3xl font-extrabold text-gray-900">Continuous integration</p>
      </div>
      <div class="mt-12 lg:mt-0 lg:col-span-2">
        <dl class="
              space-y-10
              sm:space-y-0 sm:grid sm:grid-cols-2 sm:gap-x-6 sm:gap-y-10
              lg:gap-x-8
            ">
          <div class="relative">
            <dt><svg xmlns="http://www.w3.org/2000/svg" fill="none" viewBox="0 0 24 24" stroke="currentColor" class="absolute h-6 w-6 text-green-500">
                <path stroke-linecap="round" stroke-linejoin="round" stroke-width="2" d="M5 13l4 4L19 7"></path>
              </svg>
              <p class="ml-9 text-lg leading-6 font-medium text-red-800"><a href="https://github.com/features/actions" class="hover:underline" target="_blank" rel="noopener noreferrer">GitHub Actions</a></p>
            </dt>
            <dd class="mt-2 ml-9 text-base text-gray-600">Test, build and deliver on every push to GitHub</dd>
          </div>
          <div class="relative">
            <dt><svg xmlns="http://www.w3.org/2000/svg" fill="none" viewBox="0 0 24 24" stroke="currentColor" class="absolute h-6 w-6 text-green-500">
                <path stroke-linecap="round" stroke-linejoin="round" stroke-width="2" d="M5 13l4 4L19 7"></path>
              </svg>
              <p class="ml-9 text-lg leading-6 font-medium text-red-800"><a href="https://rspec.info/" class="hover:underline" target="_blank" rel="noopener noreferrer">RSpec</a></p>
            </dt>
            <dd class="mt-2 ml-9 text-base text-gray-600">Behaviour Driven Development for Ruby. Making TDD Productive and Fun.</dd>
          </div>
          <div class="relative">
            <dt><svg xmlns="http://www.w3.org/2000/svg" fill="none" viewBox="0 0 24 24" stroke="currentColor" class="absolute h-6 w-6 text-green-500">
                <path stroke-linecap="round" stroke-linejoin="round" stroke-width="2" d="M5 13l4 4L19 7"></path>
              </svg>
              <p class="ml-9 text-lg leading-6 font-medium text-red-800"><a href="https://rubocop.org/" class="hover:underline" target="_blank" rel="noopener noreferrer">RuboCop</a></p>
            </dt>
            <dd class="mt-2 ml-9 text-base text-gray-600">The Ruby Linter/Formatter that Serves and Protects</dd>
          </div>
          <div class="relative">
            <dt><svg xmlns="http://www.w3.org/2000/svg" fill="none" viewBox="0 0 24 24" stroke="currentColor" class="absolute h-6 w-6 text-green-500">
                <path stroke-linecap="round" stroke-linejoin="round" stroke-width="2" d="M5 13l4 4L19 7"></path>
              </svg>
              <p class="ml-9 text-lg leading-6 font-medium text-red-800"><a href="https://jestjs.io/" class="hover:underline" target="_blank" rel="noopener noreferrer">Jest</a></p>
            </dt>
            <dd class="mt-2 ml-9 text-base text-gray-600">Jest is a delightful JavaScript Testing Framework with a focus on simplicity</dd>
          </div>
          <div class="relative">
            <dt><svg xmlns="http://www.w3.org/2000/svg" fill="none" viewBox="0 0 24 24" stroke="currentColor" class="absolute h-6 w-6 text-green-500">
                <path stroke-linecap="round" stroke-linejoin="round" stroke-width="2" d="M5 13l4 4L19 7"></path>
              </svg>
              <p class="ml-9 text-lg leading-6 font-medium text-red-800"><a href="https://eslint.org/" class="hover:underline" target="_blank" rel="noopener noreferrer">ESLint</a></p>
            </dt>
            <dd class="mt-2 ml-9 text-base text-gray-600">ESLint statically analyzes your code to quickly find problems</dd>
          </div>
        </dl>
      </div>
    </div>
  </div>
  <div>
    <div class="lg:grid lg:grid-cols-3 lg:gap-x-8">
      <div>
        <h2 class="text-base font-semibold text-red-800 uppercase tracking-wide">Ship it!</h2>
        <p class="mt-2 text-3xl font-extrabold text-gray-900">Deployment</p>
      </div>
      <div class="mt-12 lg:mt-0 lg:col-span-2">
        <dl class="
              space-y-10
              sm:space-y-0 sm:grid sm:grid-cols-2 sm:gap-x-6 sm:gap-y-10
              lg:gap-x-8
            ">
          <div class="relative">
            <dt><svg xmlns="http://www.w3.org/2000/svg" fill="none" viewBox="0 0 24 24" stroke="currentColor" class="absolute h-6 w-6 text-green-500">
                <path stroke-linecap="round" stroke-linejoin="round" stroke-width="2" d="M5 13l4 4L19 7"></path>
              </svg>
              <p class="ml-9 text-lg leading-6 font-medium text-red-800"><a href="https://alpinelinux.org/" class="hover:underline" target="_blank" rel="noopener noreferrer">Alpine Linux undefined</a></p>
            </dt>
            <dd class="mt-2 ml-9 text-base text-gray-600">Alpine Linux is an independent, non-commercial, general purpose Linux distribution designed for power users who appreciate security, simplicity and resource efficiency.</dd>
          </div>
          <div class="relative">
            <dt><svg xmlns="http://www.w3.org/2000/svg" fill="none" viewBox="0 0 24 24" stroke="currentColor" class="absolute h-6 w-6 text-green-500">
                <path stroke-linecap="round" stroke-linejoin="round" stroke-width="2" d="M5 13l4 4L19 7"></path>
              </svg>
              <p class="ml-9 text-lg leading-6 font-medium text-red-800"><a href="https://www.docker.com/" class="hover:underline" target="_blank" rel="noopener noreferrer">Docker</a></p>
            </dt>
            <dd class="mt-2 ml-9 text-base text-gray-600">Dockerized using an optimized base image.</dd>
          </div>
        </dl>
      </div>
    </div>
  </div>
</div>
`;
