// Jest Snapshot v1, https://goo.gl/fbAQLP

exports[`NotFound matches snapshot 1`] = `
<h1 class="text-red-800 text-4xl font-extrabold tracking-tight sm:text-5xl lg:text-6xl">Page not found</h1>
<div class="mb-20 mt-6 max-w-3xl text-xl">
  <p>Something has gone wrong...</p>
</div>
`;
